15:09:54 **** Auto Build of configuration Debug for project ps_pl_hdmi ****
make all 
'Building file: ../src/display_ctrl/display_ctrl.c'
'Invoking: ARM gcc compiler'
arm-xilinx-eabi-gcc -Wall -O0 -g3 -c -fmessage-length=0 -MT"src/display_ctrl/display_ctrl.o" -I../../ps_pl_hdmi_bsp/ps7_cortexa9_0/include -MMD -MP -MF"src/display_ctrl/display_ctrl.d" -MT"src/display_ctrl/display_ctrl.d" -o "src/display_ctrl/display_ctrl.o" "../src/display_ctrl/display_ctrl.c"
'Finished building: ../src/display_ctrl/display_ctrl.c'
' '
'Building file: ../src/display_demo.c'
'Invoking: ARM gcc compiler'
arm-xilinx-eabi-gcc -Wall -O0 -g3 -c -fmessage-length=0 -MT"src/display_demo.o" -I../../ps_pl_hdmi_bsp/ps7_cortexa9_0/include -MMD -MP -MF"src/display_demo.d" -MT"src/display_demo.d" -o "src/display_demo.o" "../src/display_demo.c"
'Finished building: ../src/display_demo.c'
' '
'Building target: ps_pl_hdmi.elf'
'Invoking: ARM gcc linker'
arm-xilinx-eabi-gcc -Wl,-T -Wl,../src/lscript.ld -L../../ps_pl_hdmi_bsp/ps7_cortexa9_0/lib -o "ps_pl_hdmi.elf"  ./src/dynclk/dynclk.o  ./src/display_ctrl/display_ctrl.o  ./src/display_demo.o   -Wl,--start-group,-lxil,-lgcc,-lc,--end-group
'Finished building target: ps_pl_hdmi.elf'
' '
'Invoking: ARM Print Size'
arm-xilinx-eabi-size ps_pl_hdmi.elf  |tee "ps_pl_hdmi.elf.size"
   text	   data	    bss	    dec	    hex	filename
6274892	   1288	24908624	31184804	1dbd7a4	ps_pl_hdmi.elf
'Finished building: ps_pl_hdmi.elf.size'
' '

15:10:30 Build Finished (took 35s.996ms)

